{
    "clinical": {
        "content": [
            16,
            null,
            [
                "data_clinical_patient.txt",
                "data_clinical_sample.txt",
                "pipeline_info",
                "pipeline_info/software_versions.yml"
            ],
            [
                "data_clinical_patient.txt:md5,d9c94c43cae60ca70536f46a19756399",
                "data_clinical_sample.txt:md5,fe7e13ab270a09a40e41ccc84374d2a6"
            ]
        ],
        "meta": {
            "nf-test": "0.9.3",
            "nextflow": "25.04.7"
        },
        "timestamp": "2025-10-30T10:37:34.994428401"
    }
}