{
    "-profile test": {
        "content": [
            4,
            null,
            [
                "extract",
                "extract/HG04239.tumor.genes.cnv.tsv",
                "extract/NA21144.normal.genes.cnv.tsv",
                "gene",
                "gene/output/HG04239.tumor_data_cna_hg38.seg",
                "gene/output/NA21144.normal_data_cna_hg38.seg",
                "pipeline_info",
                "pipeline_info/software_versions.yml"
            ],
            [
                "HG04239.tumor.genes.cnv.tsv:md5,da8121d1ff601b7045466c9be4ad573c",
                "NA21144.normal.genes.cnv.tsv:md5,64816e9a77a8302d541a68bc8559b044",
                "HG04239.tumor_data_cna_hg38.seg:md5,c4e928090c35ef3ab7c565541e176f20",
                "NA21144.normal_data_cna_hg38.seg:md5,ba7cb54902b574295416ef8524ef98ce"
            ]
        ],
        "meta": {
            "nf-test": "0.9.3",
            "nextflow": "25.04.7"
        },
        "timestamp": "2025-10-05T15:20:12.412442869"
    }
}