{
    "-profile test": {
        "content": [
            4,
            null,
            [
                "extract",
                "extract/HG04239.tumor.genes.cnv.tsv",
                "extract/NA21144.normal.genes.cnv.tsv",
                "gene",
                "gene/output/HG04239.tumor_data_cna_hg38.seg",
                "gene/output/NA21144.normal_data_cna_hg38.seg",
                "pipeline_info",
                "pipeline_info/software_versions.yml"
            ],
            [
                "HG04239.tumor.genes.cnv.tsv:md5,aa62818fadb10e654cf4923efb7093e0",
                "NA21144.normal.genes.cnv.tsv:md5,6fdc92a1fb29b212bfe325133549ec3e",
                "HG04239.tumor_data_cna_hg38.seg:md5,663ccb5dfe465e9cb9621b9eec143417",
                "NA21144.normal_data_cna_hg38.seg:md5,75ab01ff09c4c10222dfba0a5ab8f988"
            ]
        ],
        "meta": {
            "nf-test": "0.9.3",
            "nextflow": "25.04.7"
        },
        "timestamp": "2025-10-03T12:25:19.67918698"
    }
}